Welcome to Ubuntu 12.04.3 LTS (GNU/Linux 3.8.0-29-generic x86_64)

 * Documentation:  https://help.ubuntu.com/

Last login: Sun Jan  5 18:10:29 2014 from localhost
coral@coral:~$ 
coral@coral:~$ 
coral@coral:~$ ll
total 200
drwxr-xr-x 26 coral coral  4096 Jan  5 18:10 [0m[01;34m.[0m/
drwxr-xr-x  4 root  root   4096 Nov  4 21:24 [01;34m..[0m/
drwx------  3 coral coral  4096 Dec  9 21:46 [01;34m.adobe[0m/
-rw-------  1 coral coral 11046 Jan  5 18:10 .bash_history
-rw-r--r--  1 coral coral   220 Nov  5 04:47 .bash_logout
-rw-r--r--  1 coral coral  3486 Nov  5 04:47 .bashrc
drwx------ 16 coral coral  4096 Nov 17 16:20 [01;34m.cache[0m/
drwx------ 14 coral coral  4096 Dec  9 21:56 [01;34m.config[0m/
drwx------  3 coral coral  4096 Nov  5 04:51 [01;34m.dbus[0m/
drwxr-xr-x  2 coral coral  4096 Dec  9 21:37 [01;34mDesktop[0m/
-rw-r--r--  1 coral coral    26 Dec  9 21:35 .dmrc
drwxr-xr-x  2 coral coral  4096 Nov  5 04:51 [01;34mDocuments[0m/
drwxr-xr-x  2 coral coral  4096 Nov 25 13:33 [01;34mDownloads[0m/
-rw-r--r--  1 coral coral  8445 Nov  5 04:47 examples.desktop
drwx------  4 coral coral  4096 Dec  9 21:36 [01;34m.gconf[0m/
drwx------  4 coral coral  4096 Nov  5 04:51 [01;34m.gnome2[0m/
drwx------  2 coral coral  4096 Nov  9 21:37 [01;34m.gnupg[0m/
-rw-rw-r--  1 coral coral   137 Dec  9 21:36 .gtk-bookmarks
dr-x------  2 coral coral     0 Dec  9 21:35 [01;34m.gvfs[0m/
-rw-------  1 coral coral  2202 Dec  9 21:35 .ICEauthority
drwxr-xr-x  3 coral coral  4096 Nov  5 04:51 [01;34m.local[0m/
drwx------  3 coral coral  4096 Dec  9 21:46 [01;34m.macromedia[0m/
drwx------  3 coral coral  4096 Nov  5 04:51 [01;34m.mission-control[0m/
drwx------  4 coral coral  4096 Nov 17 16:19 [01;34m.mozilla[0m/
drwxr-xr-x  2 coral coral  4096 Nov  5 04:51 [01;34mMusic[0m/
-rw-------  1 coral coral    24 Nov 17 16:29 .mysql_history
drwxr-xr-x  2 coral coral  4096 Nov  5 04:51 [01;34mPictures[0m/
-rw-r--r--  1 coral coral   675 Nov  5 04:47 .profile
drwxr-xr-x  2 coral coral  4096 Nov  5 04:51 [01;34mPublic[0m/
drwx------  2 coral coral  4096 Dec  9 21:36 [01;34m.pulse[0m/
-rw-------  1 coral coral   256 Nov  5 04:51 .pulse-cookie
-rw-------  1 coral coral     2 Nov  9 21:38 .pythonhistory
drwxr-xr-x  2 coral coral  4096 Nov  5 04:51 [01;34mTemplates[0m/
drwx------  4 coral coral  4096 Nov  4 20:55 [01;34m.thumbnails[0m/
drwxr-xr-x  2 coral coral  4096 Nov  5 04:51 [01;34mVideos[0m/
drwxr-xr-x 15 coral coral  4096 Dec  9 21:39 [01;34m.vim.bak[0m/
-rw-------  1 coral coral 11096 Jan  5 18:10 .viminfo
drwxrwxr-x  6 coral coral  4096 Nov 25 13:37 [01;34m.vim_old[0m/
-rw-rw-r--  1 coral coral  2276 Dec  9 21:47 .vimrc.bak
-rw-------  1 coral coral    50 Dec  9 21:35 .Xauthority
-rw-------  1 coral coral  7924 Jan  5 18:08 .xsession-errors
-rw-------  1 coral coral 12197 Dec  9 21:34 .xsession-errors.old
coral@coral:~$ top
[H[J[mtop - 18:11:42 up 2 days,  3:59,  6 users,  load average: 0.26, 0.19, 0.15[m[K
Tasks:[m[m 179 [mtotal,[m[m   1 [mrunning,[m[m 178 [msleeping,[m[m   0 [mstopped,[m[m   0 [mzombie[m[K
Cpu(s):[m[m  6.2%[mus,[m[m  1.8%[msy,[m[m  0.0%[mni,[m[m 92.0%[mid,[m[m  0.0%[mwa,[m[m  0.0%[mhi,[m[m  0.0%[msi,[m[m  0.0%[mst[m[K
Mem: [m[m  4045736k [mtotal,[m[m  1926576k [mused,[m[m  2119160k [mfree,[m[m   172200k [mbuffers[m[K
Swap:[m[m  1046524k [mtotal,[m[m        0k [mused,[m[m  1046524k [mfree,[m[m   779800k [mcached[m[K
[6;1H
[7m  PID USER      PR  NI  VIRT  RES  SHR S %CPU %MEM    TIME+  COMMAND            [m[K
[m 3344 coral     20   0  403m  37m  24m S  1.9  0.9  40:08.58 plugin-containe    [m
[m[m20126 coral     20   0 17340 1328  940 R  1.9  0.0   0:00.02 top                [m
[m    1 root      20   0 24580 2544 1368 S  0.0  0.1   0:02.23 init               [m
[m    2 root      20   0     0    0    0 S  0.0  0.0   0:00.03 kthreadd           [m
[m    3 root      20   0     0    0    0 S  0.0  0.0   0:06.26 ksoftirqd/0        [m
[m    5 root       0 -20     0    0    0 S  0.0  0.0   0:00.00 kworker/0:0H       [m
[m    6 root      20   0     0    0    0 S  0.0  0.0   0:00.00 kworker/u:0        [m
[m    7 root       0 -20     0    0    0 S  0.0  0.0   0:00.00 kworker/u:0H       [m
[m    8 root      RT   0     0    0    0 S  0.0  0.0   0:00.11 migration/0        [m
[m    9 root      20   0     0    0    0 S  0.0  0.0   0:00.00 rcu_bh             [m
[m   10 root      20   0     0    0    0 S  0.0  0.0   0:13.65 rcu_sched          [m
[m   11 root      RT   0     0    0    0 S  0.0  0.0   0:01.80 watchdog/0         [m
[m   12 root       0 -20     0    0    0 S  0.0  0.0   0:00.00 cpuset             [m
[m   13 root       0 -20     0    0    0 S  0.0  0.0   0:00.00 khelper            [m
[m   14 root      20   0     0    0    0 S  0.0  0.0   0:00.00 kdevtmpfs          [m
[m   15 root       0 -20     0    0    0 S  0.0  0.0   0:00.00 netns              [m
[m   16 root      20   0     0    0    0 S  0.0  0.0   0:00.02 bdi-default        [m[6;1H[K[25;1H
coral@coral:~$ 
coral@coral:~$ 
coral@coral:~$ 
coral@coral:~$ 
coral@coral:~$ 
coral@coral:~$ 
coral@coral:~$ 
coral@coral:~$ 
coral@coral:~$ 
coral@coral:~$ 
coral@coral:~$ 
coral@coral:~$ 
coral@coral:~$ 
coral@coral:~$ 
coral@coral:~$ 
coral@coral:~$ 
coral@coral:~$ 
coral@coral:~$ 
coral@coral:~$ 
coral@coral:~$ 
coral@coral:~$ 
coral@coral:~$ 
coral@coral:~$ 
coral@coral:~$ 
coral@coral:~$ 
coral@coral:~$ 
coral@coral:~$ 
coral@coral:~$ 
coral@coral:~$ 
coral@coral:~$ 
coral@coral:~$ 
coral@coral:~$ 
coral@coral:~$ 
coral@coral:~$ ls
[0m[01;34mDesktop[0m    [01;34mDownloads[0m         [01;34mMusic[0m     [01;34mPublic[0m     [01;34mVideos[0m
[01;34mDocuments[0m  examples.desktop  [01;34mPictures[0m  [01;34mTemplates[0m
coral@coral:~$ pwd
/home/coral
coral@coral:~$ ll
total 200
drwxr-xr-x 26 coral coral  4096 Jan  5 18:10 [0m[01;34m.[0m/
drwxr-xr-x  4 root  root   4096 Nov  4 21:24 [01;34m..[0m/
drwx------  3 coral coral  4096 Dec  9 21:46 [01;34m.adobe[0m/
-rw-------  1 coral coral 11046 Jan  5 18:10 .bash_history
-rw-r--r--  1 coral coral   220 Nov  5 04:47 .bash_logout
-rw-r--r--  1 coral coral  3486 Nov  5 04:47 .bashrc
drwx------ 16 coral coral  4096 Nov 17 16:20 [01;34m.cache[0m/
drwx------ 14 coral coral  4096 Dec  9 21:56 [01;34m.config[0m/
drwx------  3 coral coral  4096 Nov  5 04:51 [01;34m.dbus[0m/
drwxr-xr-x  2 coral coral  4096 Dec  9 21:37 [01;34mDesktop[0m/
-rw-r--r--  1 coral coral    26 Dec  9 21:35 .dmrc
drwxr-xr-x  2 coral coral  4096 Nov  5 04:51 [01;34mDocuments[0m/
drwxr-xr-x  2 coral coral  4096 Nov 25 13:33 [01;34mDownloads[0m/
-rw-r--r--  1 coral coral  8445 Nov  5 04:47 examples.desktop
drwx------  4 coral coral  4096 Dec  9 21:36 [01;34m.gconf[0m/
drwx------  4 coral coral  4096 Nov  5 04:51 [01;34m.gnome2[0m/
drwx------  2 coral coral  4096 Nov  9 21:37 [01;34m.gnupg[0m/
-rw-rw-r--  1 coral coral   137 Dec  9 21:36 .gtk-bookmarks
dr-x------  2 coral coral     0 Dec  9 21:35 [01;34m.gvfs[0m/
-rw-------  1 coral coral  2202 Dec  9 21:35 .ICEauthority
drwxr-xr-x  3 coral coral  4096 Nov  5 04:51 [01;34m.local[0m/
drwx------  3 coral coral  4096 Dec  9 21:46 [01;34m.macromedia[0m/
drwx------  3 coral coral  4096 Nov  5 04:51 [01;34m.mission-control[0m/
drwx------  4 coral coral  4096 Nov 17 16:19 [01;34m.mozilla[0m/
drwxr-xr-x  2 coral coral  4096 Nov  5 04:51 [01;34mMusic[0m/
-rw-------  1 coral coral    24 Nov 17 16:29 .mysql_history
drwxr-xr-x  2 coral coral  4096 Nov  5 04:51 [01;34mPictures[0m/
-rw-r--r--  1 coral coral   675 Nov  5 04:47 .profile
drwxr-xr-x  2 coral coral  4096 Nov  5 04:51 [01;34mPublic[0m/
drwx------  2 coral coral  4096 Dec  9 21:36 [01;34m.pulse[0m/
-rw-------  1 coral coral   256 Nov  5 04:51 .pulse-cookie
-rw-------  1 coral coral     2 Nov  9 21:38 .pythonhistory
drwxr-xr-x  2 coral coral  4096 Nov  5 04:51 [01;34mTemplates[0m/
drwx------  4 coral coral  4096 Nov  4 20:55 [01;34m.thumbnails[0m/
drwxr-xr-x  2 coral coral  4096 Nov  5 04:51 [01;34mVideos[0m/
drwxr-xr-x 15 coral coral  4096 Dec  9 21:39 [01;34m.vim.bak[0m/
-rw-------  1 coral coral 11096 Jan  5 18:10 .viminfo
drwxrwxr-x  6 coral coral  4096 Nov 25 13:37 [01;34m.vim_old[0m/
-rw-rw-r--  1 coral coral  2276 Dec  9 21:47 .vimrc.bak
-rw-------  1 coral coral    50 Dec  9 21:35 .Xauthority
-rw-------  1 coral coral  7924 Jan  5 18:08 .xsession-errors
-rw-------  1 coral coral 12197 Dec  9 21:34 .xsession-errors.old
coral@coral:~$ vi /etc/hosts
[?1h=[1;24r[m[m[0m[H[J[24;1H"/etc/hosts" [readonly] 9L, 220C[1;1H127.0.0.1       localhost
127.0.1.1       coral

[1m# The following lines are desirable for IPv6 capable hosts[0m
::1     ip6-localhost ip6-loopback
fe00::0 ip6-localnet
ff00::0 ip6-mcastprefix
ff02::1 ip6-allnodes
ff02::2 ip6-allrouters
[1m~
~
~
~
~
~
~
~
~
~
~
~
~
~[0m[24;63H1,1[11CAll[1;1H[24;63H2[2;1H[24;63H3,0-1[3;1H[24;63H4,1  [4;1H[24;63H5[5;1H[24;63H6[6;1H[24;63H7[7;1H[24;63H8[8;1H[24;63H9[9;1H[24;63H8[8;1H[24;63H1[1;1H[24;63H2[2;1H[24;63H3,0-1[3;1H[24;63H4,1  [4;1H[24;63H3,0-1[3;1H[24;63H2,1  [2;1H[24;63H1[1;1H[24;63H2[2;1H[24;63H1[1;1H[24;1H[1m-- INSERT --[0m[24;14H[K[24;63H1,1[11CAll[24;14H[7mW10: Warning: Changing a readonly file[m[24;63H[K[2;23r[2;1HM[1;24r[1;1H[K[2;1H127.0.0.1       localhost[24;14H[K[24;63H2,1[11CAll[2;1H[24;1H[K[2;1H[24;63H2,1[11CAll[2;1H[24;1H1 line less; before #1  0 seconds ago[24;63H[K[1;23r[23;1H
[1;24r[23;1H[1m~[0m[24;1H[K[24;63H1,1[11CAll[1;1H[24;1HAlready at oldest change[24;63H[K[24;63H1,1[11CAll[1;1H[24;63H[K[24;63H1,1[11CAll[1;1H[24;63H[K[24;63H1,1[11CAll[1;1H[24;1H[K[24;1H:q[?1l>[24;1H[K[24;1Hcoral@coral:~$ 
coral@coral:~$ 
coral@coral:~$ ll
total 200
drwxr-xr-x 26 coral coral  4096 Jan  5 18:11 [0m[01;34m.[0m/
drwxr-xr-x  4 root  root   4096 Nov  4 21:24 [01;34m..[0m/
drwx------  3 coral coral  4096 Dec  9 21:46 [01;34m.adobe[0m/
-rw-------  1 coral coral 11046 Jan  5 18:10 .bash_history
-rw-r--r--  1 coral coral   220 Nov  5 04:47 .bash_logout
-rw-r--r--  1 coral coral  3486 Nov  5 04:47 .bashrc
drwx------ 16 coral coral  4096 Nov 17 16:20 [01;34m.cache[0m/
drwx------ 14 coral coral  4096 Dec  9 21:56 [01;34m.config[0m/
drwx------  3 coral coral  4096 Nov  5 04:51 [01;34m.dbus[0m/
drwxr-xr-x  2 coral coral  4096 Dec  9 21:37 [01;34mDesktop[0m/
-rw-r--r--  1 coral coral    26 Dec  9 21:35 .dmrc
drwxr-xr-x  2 coral coral  4096 Nov  5 04:51 [01;34mDocuments[0m/
drwxr-xr-x  2 coral coral  4096 Nov 25 13:33 [01;34mDownloads[0m/
-rw-r--r--  1 coral coral  8445 Nov  5 04:47 examples.desktop
drwx------  4 coral coral  4096 Dec  9 21:36 [01;34m.gconf[0m/
drwx------  4 coral coral  4096 Nov  5 04:51 [01;34m.gnome2[0m/
drwx------  2 coral coral  4096 Nov  9 21:37 [01;34m.gnupg[0m/
-rw-rw-r--  1 coral coral   137 Dec  9 21:36 .gtk-bookmarks
dr-x------  2 coral coral     0 Dec  9 21:35 [01;34m.gvfs[0m/
-rw-------  1 coral coral  2202 Dec  9 21:35 .ICEauthority
drwxr-xr-x  3 coral coral  4096 Nov  5 04:51 [01;34m.local[0m/
drwx------  3 coral coral  4096 Dec  9 21:46 [01;34m.macromedia[0m/
drwx------  3 coral coral  4096 Nov  5 04:51 [01;34m.mission-control[0m/
drwx------  4 coral coral  4096 Nov 17 16:19 [01;34m.mozilla[0m/
drwxr-xr-x  2 coral coral  4096 Nov  5 04:51 [01;34mMusic[0m/
-rw-------  1 coral coral    24 Nov 17 16:29 .mysql_history
drwxr-xr-x  2 coral coral  4096 Nov  5 04:51 [01;34mPictures[0m/
-rw-r--r--  1 coral coral   675 Nov  5 04:47 .profile
drwxr-xr-x  2 coral coral  4096 Nov  5 04:51 [01;34mPublic[0m/
drwx------  2 coral coral  4096 Dec  9 21:36 [01;34m.pulse[0m/
-rw-------  1 coral coral   256 Nov  5 04:51 .pulse-cookie
-rw-------  1 coral coral     2 Nov  9 21:38 .pythonhistory
drwxr-xr-x  2 coral coral  4096 Nov  5 04:51 [01;34mTemplates[0m/
drwx------  4 coral coral  4096 Nov  4 20:55 [01;34m.thumbnails[0m/
drwxr-xr-x  2 coral coral  4096 Nov  5 04:51 [01;34mVideos[0m/
drwxr-xr-x 15 coral coral  4096 Dec  9 21:39 [01;34m.vim.bak[0m/
-rw-------  1 coral coral 11052 Jan  5 18:11 .viminfo
drwxrwxr-x  6 coral coral  4096 Nov 25 13:37 [01;34m.vim_old[0m/
-rw-rw-r--  1 coral coral  2276 Dec  9 21:47 .vimrc.bak
-rw-------  1 coral coral    50 Dec  9 21:35 .Xauthority
-rw-------  1 coral coral  7924 Jan  5 18:08 .xsession-errors
-rw-------  1 coral coral 12197 Dec  9 21:34 .xsession-errors.old
coral@coral:~$ clear
[H[Jcoral@coral:~$ top
[H[J[mtop - 18:12:04 up 2 days,  3:59,  6 users,  load average: 0.26, 0.19, 0.15[m[K
Tasks:[m[m 179 [mtotal,[m[m   1 [mrunning,[m[m 178 [msleeping,[m[m   0 [mstopped,[m[m   0 [mzombie[m[K
Cpu(s):[m[m  6.2%[mus,[m[m  1.8%[msy,[m[m  0.0%[mni,[m[m 92.0%[mid,[m[m  0.0%[mwa,[m[m  0.0%[mhi,[m[m  0.0%[msi,[m[m  0.0%[mst[m[K
Mem: [m[m  4045736k [mtotal,[m[m  1926624k [mused,[m[m  2119112k [mfree,[m[m   172220k [mbuffers[m[K
Swap:[m[m  1046524k [mtotal,[m[m        0k [mused,[m[m  1046524k [mfree,[m[m   779812k [mcached[m[K
[6;1H
[7m  PID USER      PR  NI  VIRT  RES  SHR S %CPU %MEM    TIME+  COMMAND            [m[K
[m 1130 root      20   0  264m 118m 8444 S  1.9  3.0   8:37.54 Xorg               [m
[m[m20146 coral     20   0 17340 1324  940 R  1.9  0.0   0:00.02 top                [m
[m30631 root      20   0  671m  24m 3780 S  1.9  0.6   3:32.14 python             [m
[m    1 root      20   0 24580 2544 1368 S  0.0  0.1   0:02.23 init               [m
[m    2 root      20   0     0    0    0 S  0.0  0.0   0:00.03 kthreadd           [m
[m    3 root      20   0     0    0    0 S  0.0  0.0   0:06.26 ksoftirqd/0        [m
[m    5 root       0 -20     0    0    0 S  0.0  0.0   0:00.00 kworker/0:0H       [m
[m    6 root      20   0     0    0    0 S  0.0  0.0   0:00.00 kworker/u:0        [m
[m    7 root       0 -20     0    0    0 S  0.0  0.0   0:00.00 kworker/u:0H       [m
[m    8 root      RT   0     0    0    0 S  0.0  0.0   0:00.11 migration/0        [m
[m    9 root      20   0     0    0    0 S  0.0  0.0   0:00.00 rcu_bh             [m
[m   10 root      20   0     0    0    0 S  0.0  0.0   0:13.65 rcu_sched          [m
[m   11 root      RT   0     0    0    0 S  0.0  0.0   0:01.80 watchdog/0         [m
[m   12 root       0 -20     0    0    0 S  0.0  0.0   0:00.00 cpuset             [m
[m   13 root       0 -20     0    0    0 S  0.0  0.0   0:00.00 khelper            [m
[m   14 root      20   0     0    0    0 S  0.0  0.0   0:00.00 kdevtmpfs          [m
[m   15 root       0 -20     0    0    0 S  0.0  0.0   0:00.00 netns              [m[6;1H[K[H[mtop - 18:12:05 up 2 days,  3:59,  6 users,  load average: 0.24, 0.19, 0.15[m[K
Tasks:[m[m 179 [mtotal,[m[m   1 [mrunning,[m[m 178 [msleeping,[m[m   0 [mstopped,[m[m   0 [mzombie[m[K
Cpu(s):[m[m  1.3%[mus,[m[m  2.5%[msy,[m[m  0.0%[mni,[m[m 95.5%[mid,[m[m  0.0%[mwa,[m[m  0.0%[mhi,[m[m  0.6%[msi,[m[m  0.0%[mst[m[K
Mem: [m[m  4045736k [mtotal,[m[m  1926624k [mused,[m[m  2119112k [mfree,[m[m   172220k [mbuffers[m[K
Swap:[m[m  1046524k [mtotal,[m[m        0k [mused,[m[m  1046524k [mfree,[m[m   779812k [mcached[m[K
[6;1H
[7m  PID USER      PR  NI  VIRT  RES  SHR S %CPU %MEM    TIME+  COMMAND            [m[K
[m 3344 coral     20   0  403m  37m  24m S  2.5  0.9  40:08.93 plugin-containe    [m
[m19887 root      20   0  237m  26m 4284 S  1.8  0.7   0:00.69 python             [m
[m[m20146 coral     20   0 17344 1336  952 R  1.2  0.0   0:00.04 top                [m
[m10664 root      20   0     0    0    0 S  0.6  0.0   0:04.90 flush-8:0          [m
[m19262 coral     20   0 92304 1912  940 S  0.6  0.0   0:00.38 sshd               [m
[m20021 coral     20   0 86104 1884  936 S  0.6  0.0   0:00.04 sshd               [m
[m30631 root      20   0  671m  24m 3780 S  0.6  0.6   3:32.15 python             [m
[m    1 root      20   0 24580 2544 1368 S  0.0  0.1   0:02.23 init               [m
[m    2 root      20   0     0    0    0 S  0.0  0.0   0:00.03 kthreadd           [m
[m    3 root      20   0     0    0    0 S  0.0  0.0   0:06.26 ksoftirqd/0        [m
[m    5 root       0 -20     0    0    0 S  0.0  0.0   0:00.00 kworker/0:0H       [m
[m    6 root      20   0     0    0    0 S  0.0  0.0   0:00.00 kworker/u:0        [m
[m    7 root       0 -20     0    0    0 S  0.0  0.0   0:00.00 kworker/u:0H       [m
[m    8 root      RT   0     0    0    0 S  0.0  0.0   0:00.11 migration/0        [m
[m    9 root      20   0     0    0    0 S  0.0  0.0   0:00.00 rcu_bh             [m
[m   10 root      20   0     0    0    0 S  0.0  0.0   0:13.65 rcu_sched          [m
[m   11 root      RT   0     0    0    0 S  0.0  0.0   0:01.80 watchdog/0         [m[6;1H[K[H[mtop - 18:12:06 up 2 days,  3:59,  6 users,  load average: 0.24, 0.19, 0.15[m[K
Tasks:[m[m 179 [mtotal,[m[m   1 [mrunning,[m[m 178 [msleeping,[m[m   0 [mstopped,[m[m   0 [mzombie[m[K
Cpu(s):[m[m  5.3%[mus,[m[m 21.1%[msy,[m[m  0.0%[mni,[m[m 73.7%[mid,[m[m  0.0%[mwa,[m[m  0.0%[mhi,[m[m  0.0%[msi,[m[m  0.0%[mst[m[K
Mem: [m[m  4045736k [mtotal,[m[m  1926624k [mused,[m[m  2119112k [mfree,[m[m   172220k [mbuffers[m[K
Swap:[m[m  1046524k [mtotal,[m[m        0k [mused,[m[m  1046524k [mfree,[m[m   779812k [mcached[m[K
[6;1H
[7m  PID USER      PR  NI  VIRT  RES  SHR S %CPU %MEM    TIME+  COMMAND            [m[K
[m19262 coral     20   0 92304 1912  940 S  9.4  0.0   0:00.40 sshd               [m
[m19887 root      20   0  237m  26m 4284 S  9.4  0.7   0:00.71 python             [m
[m20021 coral     20   0 86104 1884  936 S  4.7  0.0   0:00.05 sshd               [m
[m[m20146 coral     20   0 17344 1336  952 R  4.7  0.0   0:00.05 top                [m
[m    1 root      20   0 24580 2544 1368 S  0.0  0.1   0:02.23 init               [m
[m    2 root      20   0     0    0    0 S  0.0  0.0   0:00.03 kthreadd           [m
[m    3 root      20   0     0    0    0 S  0.0  0.0   0:06.26 ksoftirqd/0        [m
[m    5 root       0 -20     0    0    0 S  0.0  0.0   0:00.00 kworker/0:0H       [m
[m    6 root      20   0     0    0    0 S  0.0  0.0   0:00.00 kworker/u:0        [m
[m    7 root       0 -20     0    0    0 S  0.0  0.0   0:00.00 kworker/u:0H       [m
[m    8 root      RT   0     0    0    0 S  0.0  0.0   0:00.11 migration/0        [m
[m    9 root      20   0     0    0    0 S  0.0  0.0   0:00.00 rcu_bh             [m
[m   10 root      20   0     0    0    0 S  0.0  0.0   0:13.65 rcu_sched          [m
[m   11 root      RT   0     0    0    0 S  0.0  0.0   0:01.80 watchdog/0         [m
[m   12 root       0 -20     0    0    0 S  0.0  0.0   0:00.00 cpuset             [m
[m   13 root       0 -20     0    0    0 S  0.0  0.0   0:00.00 khelper            [m
[m   14 root      20   0     0    0    0 S  0.0  0.0   0:00.00 kdevtmpfs          [m[6;1H[K[H[mtop - 18:12:06 up 2 days,  3:59,  6 users,  load average: 0.24, 0.19, 0.15[m[K
Tasks:[m[m 179 [mtotal,[m[m   1 [mrunning,[m[m 178 [msleeping,[m[m   0 [mstopped,[m[m   0 [mzombie[m[K
Cpu(s):[m[m  6.7%[mus,[m[m 46.7%[msy,[m[m  0.0%[mni,[m[m 46.7%[mid,[m[m  0.0%[mwa,[m[m  0.0%[mhi,[m[m  0.0%[msi,[m[m  0.0%[mst[m[K
Mem: [m[m  4045736k [mtotal,[m[m  1926624k [mused,[m[m  2119112k [mfree,[m[m   172220k [mbuffers[m[K
Swap:[m[m  1046524k [mtotal,[m[m        0k [mused,[m[m  1046524k [mfree,[m[m   779812k [mcached[m[K
[6;1H
[7m  PID USER      PR  NI  VIRT  RES  SHR S %CPU %MEM    TIME+  COMMAND            [m[K
[m19262 coral     20   0 92304 1912  940 S 19.0  0.0   0:00.43 sshd               [m
[m19887 root      20   0  237m  26m 4284 S 19.0  0.7   0:00.74 python             [m
[m[m20146 coral     20   0 17344 1336  952 R 12.6  0.0   0:00.07 top                [m
[m 7532 root      20   0     0    0    0 S  6.3  0.0   0:17.86 kworker/0:2        [m
[m    1 root      20   0 24580 2544 1368 S  0.0  0.1   0:02.23 init               [m
[m    2 root      20   0     0    0    0 S  0.0  0.0   0:00.03 kthreadd           [m
[m    3 root      20   0     0    0    0 S  0.0  0.0   0:06.26 ksoftirqd/0        [m
[m    5 root       0 -20     0    0    0 S  0.0  0.0   0:00.00 kworker/0:0H       [m
[m    6 root      20   0     0    0    0 S  0.0  0.0   0:00.00 kworker/u:0        [m
[m    7 root       0 -20     0    0    0 S  0.0  0.0   0:00.00 kworker/u:0H       [m
[m    8 root      RT   0     0    0    0 S  0.0  0.0   0:00.11 migration/0        [m
[m    9 root      20   0     0    0    0 S  0.0  0.0   0:00.00 rcu_bh             [m
[m   10 root      20   0     0    0    0 S  0.0  0.0   0:13.65 rcu_sched          [m
[m   11 root      RT   0     0    0    0 S  0.0  0.0   0:01.80 watchdog/0         [m
[m   12 root       0 -20     0    0    0 S  0.0  0.0   0:00.00 cpuset             [m
[m   13 root       0 -20     0    0    0 S  0.0  0.0   0:00.00 khelper            [m
[m   14 root      20   0     0    0    0 S  0.0  0.0   0:00.00 kdevtmpfs          [m[6;1H[K[H[mtop - 18:12:06 up 2 days,  3:59,  6 users,  load average: 0.24, 0.19, 0.15[m[K
Tasks:[m[m 179 [mtotal,[m[m   1 [mrunning,[m[m 178 [msleeping,[m[m   0 [mstopped,[m[m   0 [mzombie[m[K
Cpu(s):[m[m  6.2%[mus,[m[m 37.5%[msy,[m[m  0.0%[mni,[m[m 56.2%[mid,[m[m  0.0%[mwa,[m[m  0.0%[mhi,[m[m  0.0%[msi,[m[m  0.0%[mst[m[K
Mem: [m[m  4045736k [mtotal,[m[m  1926624k [mused,[m[m  2119112k [mfree,[m[m   172220k [mbuffers[m[K
Swap:[m[m  1046524k [mtotal,[m[m        0k [mused,[m[m  1046524k [mfree,[m[m   779812k [mcached[m[K
[6;1H
[7m  PID USER      PR  NI  VIRT  RES  SHR S %CPU %MEM    TIME+  COMMAND            [m[K
[m19262 coral     20   0 92304 1912  940 S 18.0  0.0   0:00.46 sshd               [m
[m19887 root      20   0  237m  26m 4284 S 18.0  0.7   0:00.77 python             [m
[m[m20146 coral     20   0 17344 1336  952 R  6.0  0.0   0:00.08 top                [m
[m    1 root      20   0 24580 2544 1368 S  0.0  0.1   0:02.23 init               [m
[m    2 root      20   0     0    0    0 S  0.0  0.0   0:00.03 kthreadd           [m
[m    3 root      20   0     0    0    0 S  0.0  0.0   0:06.26 ksoftirqd/0        [m
[m    5 root       0 -20     0    0    0 S  0.0  0.0   0:00.00 kworker/0:0H       [m
[m    6 root      20   0     0    0    0 S  0.0  0.0   0:00.00 kworker/u:0        [m
[m    7 root       0 -20     0    0    0 S  0.0  0.0   0:00.00 kworker/u:0H       [m
[m    8 root      RT   0     0    0    0 S  0.0  0.0   0:00.11 migration/0        [m
[m    9 root      20   0     0    0    0 S  0.0  0.0   0:00.00 rcu_bh             [m
[m   10 root      20   0     0    0    0 S  0.0  0.0   0:13.65 rcu_sched          [m
[m   11 root      RT   0     0    0    0 S  0.0  0.0   0:01.80 watchdog/0         [m
[m   12 root       0 -20     0    0    0 S  0.0  0.0   0:00.00 cpuset             [m
[m   13 root       0 -20     0    0    0 S  0.0  0.0   0:00.00 khelper            [m
[m   14 root      20   0     0    0    0 S  0.0  0.0   0:00.00 kdevtmpfs          [m
[m   15 root       0 -20     0    0    0 S  0.0  0.0   0:00.00 netns              [m[6;1H[K[H[mtop - 18:12:06 up 2 days,  3:59,  6 users,  load average: 0.24, 0.19, 0.15[m[K
Tasks:[m[m 179 [mtotal,[m[m   1 [mrunning,[m[m 178 [msleeping,[m[m   0 [mstopped,[m[m   0 [mzombie[m[K
Cpu(s):[m[m  7.1%[mus,[m[m 35.7%[msy,[m[m  0.0%[mni,[m[m 57.1%[mid,[m[m  0.0%[mwa,[m[m  0.0%[mhi,[m[m  0.0%[msi,[m[m  0.0%[mst[m[K
Mem: [m[m  4045736k [mtotal,[m[m  1926624k [mused,[m[m  2119112k [mfree,[m[m   172220k [mbuffers[m[K
Swap:[m[m  1046524k [mtotal,[m[m        0k [mused,[m[m  1046524k [mfree,[m[m   779812k [mcached[m[K
[6;1H
[7m  PID USER      PR  NI  VIRT  RES  SHR S %CPU %MEM    TIME+  COMMAND            [m[K
[m19262 coral     20   0 92304 1912  940 S 13.4  0.0   0:00.48 sshd               [m
[m19887 root      20   0  237m  26m 4284 S 13.4  0.7   0:00.79 python             [m
[m[m20146 coral     20   0 17344 1336  952 R 13.4  0.0   0:00.10 top                [m
[m20021 coral     20   0 86104 1884  936 S  6.7  0.0   0:00.06 sshd               [m
[m    1 root      20   0 24580 2544 1368 S  0.0  0.1   0:02.23 init               [m
[m    2 root      20   0     0    0    0 S  0.0  0.0   0:00.03 kthreadd           [m
[m    3 root      20   0     0    0    0 S  0.0  0.0   0:06.26 ksoftirqd/0        [m
[m    5 root       0 -20     0    0    0 S  0.0  0.0   0:00.00 kworker/0:0H       [m
[m    6 root      20   0     0    0    0 S  0.0  0.0   0:00.00 kworker/u:0        [m
[m    7 root       0 -20     0    0    0 S  0.0  0.0   0:00.00 kworker/u:0H       [m
[m    8 root      RT   0     0    0    0 S  0.0  0.0   0:00.11 migration/0        [m
[m    9 root      20   0     0    0    0 S  0.0  0.0   0:00.00 rcu_bh             [m
[m   10 root      20   0     0    0    0 S  0.0  0.0   0:13.65 rcu_sched          [m
[m   11 root      RT   0     0    0    0 S  0.0  0.0   0:01.80 watchdog/0         [m
[m   12 root       0 -20     0    0    0 S  0.0  0.0   0:00.00 cpuset             [m
[m   13 root       0 -20     0    0    0 S  0.0  0.0   0:00.00 khelper            [m
[m   14 root      20   0     0    0    0 S  0.0  0.0   0:00.00 kdevtmpfs          [m[6;1H[K[25;1H
coral@coral:~$ 
coral@coral:~$ 
coral@coral:~$ 
coral@coral:~$ G[KLS
The program 'LS' is currently not installed.  You can install it by typing:
sudo apt-get install sl
coral@coral:~$ C[Kclear
[H[Jcoral@coral:~$ 
coral@coral:~$ 
coral@coral:~$ 
coral@coral:~$ 
coral@coral:~$ 
coral@coral:~$ 
coral@coral:~$ 
coral@coral:~$ 
coral@coral:~$ 
coral@coral:~$ 
coral@coral:~$ 
coral@coral:~$ 
coral@coral:~$ 
coral@coral:~$ 
coral@coral:~$ 
coral@coral:~$ 
coral@coral:~$ 
coral@coral:~$ 
coral@coral:~$ 
coral@coral:~$ 
coral@coral:~$ 
coral@coral:~$ 
coral@coral:~$ 
coral@coral:~$ 
coral@coral:~$ 
coral@coral:~$ 
coral@coral:~$ 
coral@coral:~$ 
coral@coral:~$ 
coral@coral:~$ 
coral@coral:~$ 
coral@coral:~$ 
coral@coral:~$ 
coral@coral:~$ 
coral@coral:~$ 
coral@coral:~$ 
coral@coral:~$ 
coral@coral:~$ 
coral@coral:~$ 
coral@coral:~$ 
coral@coral:~$ 
coral@coral:~$ 
coral@coral:~$ 
coral@coral:~$ 
coral@coral:~$ 
coral@coral:~$ ls
[0m[01;34mDesktop[0m    [01;34mDownloads[0m         [01;34mMusic[0m     [01;34mPublic[0m     [01;34mVideos[0m
[01;34mDocuments[0m  examples.desktop  [01;34mPictures[0m  [01;34mTemplates[0m
coral@coral:~$ pwd
/home/coral
coral@coral:~$ ll
total 200
drwxr-xr-x 26 coral coral  4096 Jan  5 18:11 [0m[01;34m.[0m/
drwxr-xr-x  4 root  root   4096 Nov  4 21:24 [01;34m..[0m/
drwx------  3 coral coral  4096 Dec  9 21:46 [01;34m.adobe[0m/
-rw-------  1 coral coral 11046 Jan  5 18:10 .bash_history
-rw-r--r--  1 coral coral   220 Nov  5 04:47 .bash_logout
-rw-r--r--  1 coral coral  3486 Nov  5 04:47 .bashrc
drwx------ 16 coral coral  4096 Nov 17 16:20 [01;34m.cache[0m/
drwx------ 14 coral coral  4096 Dec  9 21:56 [01;34m.config[0m/
drwx------  3 coral coral  4096 Nov  5 04:51 [01;34m.dbus[0m/
drwxr-xr-x  2 coral coral  4096 Dec  9 21:37 [01;34mDesktop[0m/
-rw-r--r--  1 coral coral    26 Dec  9 21:35 .dmrc
drwxr-xr-x  2 coral coral  4096 Nov  5 04:51 [01;34mDocuments[0m/
drwxr-xr-x  2 coral coral  4096 Nov 25 13:33 [01;34mDownloads[0m/
-rw-r--r--  1 coral coral  8445 Nov  5 04:47 examples.desktop
drwx------  4 coral coral  4096 Dec  9 21:36 [01;34m.gconf[0m/
drwx------  4 coral coral  4096 Nov  5 04:51 [01;34m.gnome2[0m/
drwx------  2 coral coral  4096 Nov  9 21:37 [01;34m.gnupg[0m/
-rw-rw-r--  1 coral coral   137 Dec  9 21:36 .gtk-bookmarks
dr-x------  2 coral coral     0 Dec  9 21:35 [01;34m.gvfs[0m/
-rw-------  1 coral coral  2202 Dec  9 21:35 .ICEauthority
drwxr-xr-x  3 coral coral  4096 Nov  5 04:51 [01;34m.local[0m/
drwx------  3 coral coral  4096 Dec  9 21:46 [01;34m.macromedia[0m/
drwx------  3 coral coral  4096 Nov  5 04:51 [01;34m.mission-control[0m/
drwx------  4 coral coral  4096 Nov 17 16:19 [01;34m.mozilla[0m/
drwxr-xr-x  2 coral coral  4096 Nov  5 04:51 [01;34mMusic[0m/
-rw-------  1 coral coral    24 Nov 17 16:29 .mysql_history
drwxr-xr-x  2 coral coral  4096 Nov  5 04:51 [01;34mPictures[0m/
-rw-r--r--  1 coral coral   675 Nov  5 04:47 .profile
drwxr-xr-x  2 coral coral  4096 Nov  5 04:51 [01;34mPublic[0m/
drwx------  2 coral coral  4096 Dec  9 21:36 [01;34m.pulse[0m/
-rw-------  1 coral coral   256 Nov  5 04:51 .pulse-cookie
-rw-------  1 coral coral     2 Nov  9 21:38 .pythonhistory
drwxr-xr-x  2 coral coral  4096 Nov  5 04:51 [01;34mTemplates[0m/
drwx------  4 coral coral  4096 Nov  4 20:55 [01;34m.thumbnails[0m/
drwxr-xr-x  2 coral coral  4096 Nov  5 04:51 [01;34mVideos[0m/
drwxr-xr-x 15 coral coral  4096 Dec  9 21:39 [01;34m.vim.bak[0m/
-rw-------  1 coral coral 11052 Jan  5 18:11 .viminfo
drwxrwxr-x  6 coral coral  4096 Nov 25 13:37 [01;34m.vim_old[0m/
-rw-rw-r--  1 coral coral  2276 Dec  9 21:47 .vimrc.bak
-rw-------  1 coral coral    50 Dec  9 21:35 .Xauthority
-rw-------  1 coral coral  7924 Jan  5 18:08 .xsession-errors
-rw-------  1 coral coral 12197 Dec  9 21:34 .xsession-errors.old
coral@coral:~$ cd[K[Kcd v[K.vimo[K_old/
coral@coral:~/.vim_old$ ll
total 24
drwxrwxr-x  6 coral coral 4096 Nov 25 13:37 [0m[01;34m.[0m/
drwxr-xr-x 26 coral coral 4096 Jan  5 18:11 [01;34m..[0m/
drwxrwxr-x  2 coral coral 4096 Nov 25 13:38 [01;34mdoc[0m/
drwxrwxr-x  2 coral coral 4096 Dec 28  2011 [01;34mnerdtree_plugin[0m/
drwxrwxr-x  2 coral coral 4096 Nov 25 13:38 [01;34mplugin[0m/
drwxrwxr-x  2 coral coral 4096 Dec 28  2011 [01;34msyntax[0m/
coral@coral:~/.vim_old$ vim /etc/sysctl.t[Kconf 
[?1h=[1;24r[m[m[0m[H[J[24;1H"/etc/sysctl.conf" [readonly] 60L, 2083C[1;1H[1m#
# /etc/sysctl.conf - Configuration file for setting system variables
# See /etc/sysctl.d/ for additional system variables
# See sysctl.conf (5) for information.
#

#kernel.domainname = example.com

# Uncomment the following to stop low-level messages on console
#kernel.printk = 3 4 1 3

##############################################################3
# Functions previously found in netbase
#

# Uncomment the next two lines to enable Spoof protection (reverse-path filter)
# Turn on Source Address Verification in all interfaces to
# prevent some spoofing attacks
#net.ipv4.conf.default.rp_filter=1
#net.ipv4.conf.all.rp_filter=1

# Uncomment the next line to enable TCP/IP SYN cookies
# See http://lwn.net/Articles/277146/[0m[24;63H1,1[11CTop[1;1H[24;63H2[2;1H[m[m[0m[H[J[1;1H[1m# security of the host and prevent against some network attacks
# including spoofing attacks and man in the middle attacks through
# redirection. Some network environments, however, require that these
# settings are disabled so review and enable them as needed.
#
# Do not accept ICMP redirects (prevent MITM attacks)
#net.ipv4.conf.all.accept_redirects = 0
#net.ipv6.conf.all.accept_redirects = 0
# _or_
# Accept ICMP redirects only for gateways listed in our default
# gateway list (enabled by default)
# net.ipv4.conf.all.secure_redirects = 1
#
# Do not send ICMP redirects (we are not a router)
#net.ipv4.conf.all.send_redirects = 0
#
# Do not accept IP source route packets (we are not a router)
#net.ipv4.conf.all.accept_source_route = 0
#net.ipv6.conf.all.accept_source_route = 0
#
# Log Martian Packets
#net.ipv4.conf.all.log_martians = 1
#[0m[24;63H60,1[10CBot[23;1H[24;63H59[22;1H[24;64H8[21;1H[24;64H7[20;1H[24;64H6[19;1H[24;64H5[18;1H[24;64H4[17;1H[24;64H3[16;1H[24;64H2[15;1H[24;64H1[14;1H[24;64H0[13;1H[24;63H49[12;1H[24;64H8[11;1H[24;64H7[10;1H[24;64H6[9;1H[24;64H5[8;1H[24;64H4[7;1H[24;64H3[6;1H[24;64H2[5;1H[24;64H1[4;1H[24;64H0[3;1H[24;63H[K[24;1H:q[?1l>[24;1H[K[24;1Hcoral@coral:~/.vim_old$ ll
total 24
drwxrwxr-x  6 coral coral 4096 Nov 25 13:37 [0m[01;34m.[0m/
drwxr-xr-x 26 coral coral 4096 Jan  5 18:12 [01;34m..[0m/
drwxrwxr-x  2 coral coral 4096 Nov 25 13:38 [01;34mdoc[0m/
drwxrwxr-x  2 coral coral 4096 Dec 28  2011 [01;34mnerdtree_plugin[0m/
drwxrwxr-x  2 coral coral 4096 Nov 25 13:38 [01;34mplugin[0m/
drwxrwxr-x  2 coral coral 4096 Dec 28  2011 [01;34msyntax[0m/
coral@coral:~/.vim_old$ clear
[H[Jcoral@coral:~/.vim_old$ G[Kll
total 24
drwxrwxr-x  6 coral coral 4096 Nov 25 13:37 [0m[01;34m.[0m/
drwxr-xr-x 26 coral coral 4096 Jan  5 18:12 [01;34m..[0m/
drwxrwxr-x  2 coral coral 4096 Nov 25 13:38 [01;34mdoc[0m/
drwxrwxr-x  2 coral coral 4096 Dec 28  2011 [01;34mnerdtree_plugin[0m/
drwxrwxr-x  2 coral coral 4096 Nov 25 13:38 [01;34mplugin[0m/
drwxrwxr-x  2 coral coral 4096 Dec 28  2011 [01;34msyntax[0m/
coral@coral:~/.vim_old$ cd
coral@coral:~$ ll
total 200
drwxr-xr-x 26 coral coral  4096 Jan  5 18:12 [0m[01;34m.[0m/
drwxr-xr-x  4 root  root   4096 Nov  4 21:24 [01;34m..[0m/
drwx------  3 coral coral  4096 Dec  9 21:46 [01;34m.adobe[0m/
-rw-------  1 coral coral 11046 Jan  5 18:10 .bash_history
-rw-r--r--  1 coral coral   220 Nov  5 04:47 .bash_logout
-rw-r--r--  1 coral coral  3486 Nov  5 04:47 .bashrc
drwx------ 16 coral coral  4096 Nov 17 16:20 [01;34m.cache[0m/
drwx------ 14 coral coral  4096 Dec  9 21:56 [01;34m.config[0m/
drwx------  3 coral coral  4096 Nov  5 04:51 [01;34m.dbus[0m/
drwxr-xr-x  2 coral coral  4096 Dec  9 21:37 [01;34mDesktop[0m/
-rw-r--r--  1 coral coral    26 Dec  9 21:35 .dmrc
drwxr-xr-x  2 coral coral  4096 Nov  5 04:51 [01;34mDocuments[0m/
drwxr-xr-x  2 coral coral  4096 Nov 25 13:33 [01;34mDownloads[0m/
-rw-r--r--  1 coral coral  8445 Nov  5 04:47 examples.desktop
drwx------  4 coral coral  4096 Dec  9 21:36 [01;34m.gconf[0m/
drwx------  4 coral coral  4096 Nov  5 04:51 [01;34m.gnome2[0m/
drwx------  2 coral coral  4096 Nov  9 21:37 [01;34m.gnupg[0m/
-rw-rw-r--  1 coral coral   137 Dec  9 21:36 .gtk-bookmarks
dr-x------  2 coral coral     0 Dec  9 21:35 [01;34m.gvfs[0m/
-rw-------  1 coral coral  2202 Dec  9 21:35 .ICEauthority
drwxr-xr-x  3 coral coral  4096 Nov  5 04:51 [01;34m.local[0m/
drwx------  3 coral coral  4096 Dec  9 21:46 [01;34m.macromedia[0m/
drwx------  3 coral coral  4096 Nov  5 04:51 [01;34m.mission-control[0m/
drwx------  4 coral coral  4096 Nov 17 16:19 [01;34m.mozilla[0m/
drwxr-xr-x  2 coral coral  4096 Nov  5 04:51 [01;34mMusic[0m/
-rw-------  1 coral coral    24 Nov 17 16:29 .mysql_history
drwxr-xr-x  2 coral coral  4096 Nov  5 04:51 [01;34mPictures[0m/
-rw-r--r--  1 coral coral   675 Nov  5 04:47 .profile
drwxr-xr-x  2 coral coral  4096 Nov  5 04:51 [01;34mPublic[0m/
drwx------  2 coral coral  4096 Dec  9 21:36 [01;34m.pulse[0m/
-rw-------  1 coral coral   256 Nov  5 04:51 .pulse-cookie
-rw-------  1 coral coral     2 Nov  9 21:38 .pythonhistory
drwxr-xr-x  2 coral coral  4096 Nov  5 04:51 [01;34mTemplates[0m/
drwx------  4 coral coral  4096 Nov  4 20:55 [01;34m.thumbnails[0m/
drwxr-xr-x  2 coral coral  4096 Nov  5 04:51 [01;34mVideos[0m/
drwxr-xr-x 15 coral coral  4096 Dec  9 21:39 [01;34m.vim.bak[0m/
-rw-------  1 coral coral 11157 Jan  5 18:12 .viminfo
drwxrwxr-x  6 coral coral  4096 Nov 25 13:37 [01;34m.vim_old[0m/
-rw-rw-r--  1 coral coral  2276 Dec  9 21:47 .vimrc.bak
-rw-------  1 coral coral    50 Dec  9 21:35 .Xauthority
-rw-------  1 coral coral  7924 Jan  5 18:08 .xsession-errors
-rw-------  1 coral coral 12197 Dec  9 21:34 .xsession-errors.old
coral@coral:~$ ll
total 200
drwxr-xr-x 26 coral coral  4096 Jan  5 18:12 [0m[01;34m.[0m/
drwxr-xr-x  4 root  root   4096 Nov  4 21:24 [01;34m..[0m/
drwx------  3 coral coral  4096 Dec  9 21:46 [01;34m.adobe[0m/
-rw-------  1 coral coral 11046 Jan  5 18:10 .bash_history
-rw-r--r--  1 coral coral   220 Nov  5 04:47 .bash_logout
-rw-r--r--  1 coral coral  3486 Nov  5 04:47 .bashrc
drwx------ 16 coral coral  4096 Nov 17 16:20 [01;34m.cache[0m/
drwx------ 14 coral coral  4096 Dec  9 21:56 [01;34m.config[0m/
drwx------  3 coral coral  4096 Nov  5 04:51 [01;34m.dbus[0m/
drwxr-xr-x  2 coral coral  4096 Dec  9 21:37 [01;34mDesktop[0m/
-rw-r--r--  1 coral coral    26 Dec  9 21:35 .dmrc
drwxr-xr-x  2 coral coral  4096 Nov  5 04:51 [01;34mDocuments[0m/
drwxr-xr-x  2 coral coral  4096 Nov 25 13:33 [01;34mDownloads[0m/
-rw-r--r--  1 coral coral  8445 Nov  5 04:47 examples.desktop
drwx------  4 coral coral  4096 Dec  9 21:36 [01;34m.gconf[0m/
drwx------  4 coral coral  4096 Nov  5 04:51 [01;34m.gnome2[0m/
drwx------  2 coral coral  4096 Nov  9 21:37 [01;34m.gnupg[0m/
-rw-rw-r--  1 coral coral   137 Dec  9 21:36 .gtk-bookmarks
dr-x------  2 coral coral     0 Dec  9 21:35 [01;34m.gvfs[0m/
-rw-------  1 coral coral  2202 Dec  9 21:35 .ICEauthority
drwxr-xr-x  3 coral coral  4096 Nov  5 04:51 [01;34m.local[0m/
drwx------  3 coral coral  4096 Dec  9 21:46 [01;34m.macromedia[0m/
drwx------  3 coral coral  4096 Nov  5 04:51 [01;34m.mission-control[0m/
drwx------  4 coral coral  4096 Nov 17 16:19 [01;34m.mozilla[0m/
drwxr-xr-x  2 coral coral  4096 Nov  5 04:51 [01;34mMusic[0m/
-rw-------  1 coral coral    24 Nov 17 16:29 .mysql_history
drwxr-xr-x  2 coral coral  4096 Nov  5 04:51 [01;34mPictures[0m/
-rw-r--r--  1 coral coral   675 Nov  5 04:47 .profile
drwxr-xr-x  2 coral coral  4096 Nov  5 04:51 [01;34mPublic[0m/
drwx------  2 coral coral  4096 Dec  9 21:36 [01;34m.pulse[0m/
-rw-------  1 coral coral   256 Nov  5 04:51 .pulse-cookie
-rw-------  1 coral coral     2 Nov  9 21:38 .pythonhistory
drwxr-xr-x  2 coral coral  4096 Nov  5 04:51 [01;34mTemplates[0m/
drwx------  4 coral coral  4096 Nov  4 20:55 [01;34m.thumbnails[0m/
drwxr-xr-x  2 coral coral  4096 Nov  5 04:51 [01;34mVideos[0m/
drwxr-xr-x 15 coral coral  4096 Dec  9 21:39 [01;34m.vim.bak[0m/
-rw-------  1 coral coral 11157 Jan  5 18:12 .viminfo
drwxrwxr-x  6 coral coral  4096 Nov 25 13:37 [01;34m.vim_old[0m/
-rw-rw-r--  1 coral coral  2276 Dec  9 21:47 .vimrc.bak
-rw-------  1 coral coral    50 Dec  9 21:35 .Xauthority
-rw-------  1 coral coral  7924 Jan  5 18:08 .xsession-errors
-rw-------  1 coral coral 12197 Dec  9 21:34 .xsession-errors.old
coral@coral:~$ exit
logout
Welcome to Ubuntu 12.04.3 LTS (GNU/Linux 3.8.0-29-generic x86_64)

 * Documentation:  https://help.ubuntu.com/

Last login: Sun Jan  5 21:55:02 2014 from 192.168.0.179
coral@coral:~$ ls
[0m[01;34mDesktop[0m    [01;34mDownloads[0m         [01;34mMusic[0m     [01;34mPublic[0m     [01;34mVideos[0m
[01;34mDocuments[0m  examples.desktop  [01;34mPictures[0m  [01;34mTemplates[0m
coral@coral:~$ w[Kpwd
/home/coral
coral@coral:~$ exit
logout
