Welcome to Ubuntu 12.04.3 LTS (GNU/Linux 3.8.0-29-generic x86_64)

 * Documentation:  https://help.ubuntu.com/

Last login: Sat Dec 14 16:09:47 2013 from 192.168.0.179
coral@coral:~$ exit
logout
Welcome to Ubuntu 12.04.3 LTS (GNU/Linux 3.8.0-29-generic x86_64)

 * Documentation:  https://help.ubuntu.com/

Last login: Sat Dec 14 17:31:09 2013 from localhost
coral@coral:~$ exit
logout
Welcome to Ubuntu 12.04.3 LTS (GNU/Linux 3.8.0-29-generic x86_64)

 * Documentation:  https://help.ubuntu.com/

Last login: Sat Dec 14 17:32:07 2013 from 10.0.0.151
coral@coral:~$ exit
logout
Welcome to Ubuntu 12.04.3 LTS (GNU/Linux 3.8.0-29-generic x86_64)

 * Documentation:  https://help.ubuntu.com/

Last login: Sat Dec 14 17:37:59 2013 from 10.0.0.150
coral@coral:~$ exit
logout
Welcome to Ubuntu 12.04.3 LTS (GNU/Linux 3.8.0-29-generic x86_64)

 * Documentation:  https://help.ubuntu.com/

Last login: Sat Dec 14 17:38:10 2013 from localhost
coral@coral:~$ exit
logout
Last login: Sat Oct 26 09:51:02 2013 from 192.168.2.5
[root@coral ~]# 
[root@coral ~]# 
[root@coral ~]# ll
total 44
-rw-------. 1 root root   966 Sep 27 22:21 anaconda-ks.cfg
drwxr-xr-x. 2 root root  4096 Oct 24 20:35 [0m[01;34mbuild[0m
-rw-r--r--  1 root root 14540 Dec 26  2012 [01;31mepel-release-6-8.noarch.rpm[0m
-rw-r--r--. 1 root root  8785 Sep 27 22:21 install.log
-rw-r--r--. 1 root root  3161 Sep 27 22:20 install.log.syslog
-rw-r--r--  1 root root  1678 Oct 26  2013 test.py
[m[root@coral ~]# exit
logout
Welcome to Ubuntu 12.04.3 LTS (GNU/Linux 3.8.0-29-generic x86_64)

 * Documentation:  https://help.ubuntu.com/

Last login: Sat Dec 14 17:38:36 2013 from localhost
coral@coral:~$ exit
logout
Welcome to Ubuntu 12.04.3 LTS (GNU/Linux 3.8.0-29-generic x86_64)

 * Documentation:  https://help.ubuntu.com/

Last login: Sat Dec 14 17:42:27 2013 from localhost
ecoral@coral:~$ exit
logout
Last login: Sat Oct 26 13:40:56 2013 from 192.168.2.5
[root@coral ~]# exit
logout
Welcome to Ubuntu 12.04.3 LTS (GNU/Linux 3.8.0-29-generic x86_64)

 * Documentation:  https://help.ubuntu.com/

Last login: Sat Dec 14 17:42:37 2013 from localhost
coral@coral:~$ exit
logout
Welcome to Ubuntu 12.04.3 LTS (GNU/Linux 3.8.0-29-generic x86_64)

 * Documentation:  https://help.ubuntu.com/

Last login: Sat Dec 14 18:02:18 2013 from localhost
coral@coral:~$ 
coral@coral:~$ 
coral@coral:~$ ;ll[K[Kl[K[Kll
total 204
drwxr-xr-x 26 coral coral  4096 Dec 11 13:52 [0m[01;34m.[0m/
drwxr-xr-x  4 root  root   4096 Nov  4 21:24 [01;34m..[0m/
drwx------  3 coral coral  4096 Dec  9 21:46 [01;34m.adobe[0m/
-rw-------  1 coral coral  9873 Dec 14 18:02 .bash_history
-rw-r--r--  1 coral coral   220 Nov  5 04:47 .bash_logout
-rw-r--r--  1 coral coral  3486 Nov  5 04:47 .bashrc
drwx------ 16 coral coral  4096 Nov 17 16:20 [01;34m.cache[0m/
drwx------ 14 coral coral  4096 Dec  9 21:56 [01;34m.config[0m/
drwx------  3 coral coral  4096 Nov  5 04:51 [01;34m.dbus[0m/
drwxr-xr-x  2 coral coral  4096 Dec  9 21:37 [01;34mDesktop[0m/
-rw-r--r--  1 coral coral    26 Dec  9 21:35 .dmrc
drwxr-xr-x  2 coral coral  4096 Nov  5 04:51 [01;34mDocuments[0m/
drwxr-xr-x  2 coral coral  4096 Nov 25 13:33 [01;34mDownloads[0m/
-rw-r--r--  1 coral coral  8445 Nov  5 04:47 examples.desktop
drwx------  4 coral coral  4096 Dec  9 21:36 [01;34m.gconf[0m/
drwx------  4 coral coral  4096 Nov  5 04:51 [01;34m.gnome2[0m/
drwx------  2 coral coral  4096 Nov  9 21:37 [01;34m.gnupg[0m/
-rw-rw-r--  1 coral coral   137 Dec  9 21:36 .gtk-bookmarks
dr-x------  2 coral coral     0 Dec  9 21:35 [01;34m.gvfs[0m/
-rw-------  1 coral coral  2202 Dec  9 21:35 .ICEauthority
drwxr-xr-x  3 coral coral  4096 Nov  5 04:51 [01;34m.local[0m/
drwx------  3 coral coral  4096 Dec  9 21:46 [01;34m.macromedia[0m/
drwx------  3 coral coral  4096 Nov  5 04:51 [01;34m.mission-control[0m/
drwx------  4 coral coral  4096 Nov 17 16:19 [01;34m.mozilla[0m/
drwxr-xr-x  2 coral coral  4096 Nov  5 04:51 [01;34mMusic[0m/
-rw-------  1 coral coral    24 Nov 17 16:29 .mysql_history
drwxr-xr-x  2 coral coral  4096 Nov  5 04:51 [01;34mPictures[0m/
-rw-r--r--  1 coral coral   675 Nov  5 04:47 .profile
drwxr-xr-x  2 coral coral  4096 Nov  5 04:51 [01;34mPublic[0m/
drwx------  2 coral coral  4096 Dec  9 21:36 [01;34m.pulse[0m/
-rw-------  1 coral coral   256 Nov  5 04:51 .pulse-cookie
-rw-------  1 coral coral     2 Nov  9 21:38 .pythonhistory
drwxr-xr-x  2 coral coral  4096 Nov  5 04:51 [01;34mTemplates[0m/
drwx------  4 coral coral  4096 Nov  4 20:55 [01;34m.thumbnails[0m/
drwxr-xr-x  2 coral coral  4096 Nov  5 04:51 [01;34mVideos[0m/
drwxr-xr-x 15 coral coral  4096 Dec  9 21:39 [01;34m.vim[0m/
-rw-------  1 coral coral 15103 Dec 11 13:52 .viminfo
drwxrwxr-x  6 coral coral  4096 Nov 25 13:37 [01;34m.vim_old[0m/
-rw-rw-r--  1 coral coral  2276 Dec  9 21:47 .vimrc
-rw-------  1 coral coral    50 Dec  9 21:35 .Xauthority
-rw-------  1 coral coral  5354 Dec 13 23:07 .xsession-errors
-rw-------  1 coral coral 12197 Dec  9 21:34 .xsession-errors.old
coral@coral:~$ exit
logout
